0:0:0:0:0:0:0:1 - - [24/Apr/2023:08:20:09 +0100] "GET /Primeros_pasos_JSP/EjemploObjetos.jsp HTTP/1.1" 200 381
0:0:0:0:0:0:0:1 - - [24/Apr/2023:08:20:09 +0100] "GET /favicon.ico HTTP/1.1" 404 698
0:0:0:0:0:0:0:1 - - [24/Apr/2023:08:20:33 +0100] "GET /Primeros_pasos_JSP/EjemploObjetos.jsp HTTP/1.1" 200 366
0:0:0:0:0:0:0:1 - - [24/Apr/2023:08:29:20 +0100] "GET /Primeros_pasos_JSP/FormularioRegistro.html HTTP/1.1" 200 379
0:0:0:0:0:0:0:1 - - [24/Apr/2023:08:29:21 +0100] "GET /favicon.ico HTTP/1.1" 404 698
0:0:0:0:0:0:0:1 - - [24/Apr/2023:08:29:34 +0100] "GET /Primeros_pasos_JSP/Registro.jsp?nombre=Fernando&apellido=Fernandez HTTP/1.1" 200 258
0:0:0:0:0:0:0:1 - - [24/Apr/2023:08:33:32 +0100] "GET /Primeros_pasos_JSP/FormularioRegistro.html HTTP/1.1" 304 -
0:0:0:0:0:0:0:1 - - [24/Apr/2023:08:33:33 +0100] "GET /favicon.ico HTTP/1.1" 404 698
0:0:0:0:0:0:0:1 - - [24/Apr/2023:08:34:13 +0100] "GET /Primeros_pasos_JSP/Registro.jsp HTTP/1.1" 200 291
0:0:0:0:0:0:0:1 - - [24/Apr/2023:08:34:14 +0100] "GET /favicon.ico HTTP/1.1" 404 698
0:0:0:0:0:0:0:1 - - [24/Apr/2023:08:34:24 +0100] "GET /Primeros_pasos_JSP/FormularioRegistro.html HTTP/1.1" 304 -
0:0:0:0:0:0:0:1 - - [24/Apr/2023:08:34:25 +0100] "GET /favicon.ico HTTP/1.1" 404 698
0:0:0:0:0:0:0:1 - - [24/Apr/2023:08:34:28 +0100] "GET /Primeros_pasos_JSP/Registro.jsp?nombre=&apellido= HTTP/1.1" 200 283
0:0:0:0:0:0:0:1 - - [24/Apr/2023:08:35:05 +0100] "GET /Primeros_pasos_JSP/RegistroPersonas.jsp HTTP/1.1" 200 796
0:0:0:0:0:0:0:1 - - [24/Apr/2023:08:35:05 +0100] "GET /favicon.ico HTTP/1.1" 404 698
0:0:0:0:0:0:0:1 - - [24/Apr/2023:10:00:08 +0100] "GET /Primeros_pasos_JSP/Registro.html HTTP/1.1" 200 2025
0:0:0:0:0:0:0:1 - - [24/Apr/2023:10:00:08 +0100] "GET /favicon.ico HTTP/1.1" 404 698
0:0:0:0:0:0:0:1 - - [24/Apr/2023:10:00:31 +0100] "POST /Primeros_pasos_JSP/Recoge_datos.jsp HTTP/1.1" 200 163
0:0:0:0:0:0:0:1 - - [24/Apr/2023:10:01:35 +0100] "GET /Primeros_pasos_JSP/Registro.html HTTP/1.1" 304 -
0:0:0:0:0:0:0:1 - - [24/Apr/2023:10:01:46 +0100] "POST /Primeros_pasos_JSP/Recoge_datos.jsp HTTP/1.1" 200 163
0:0:0:0:0:0:0:1 - - [24/Apr/2023:10:03:01 +0100] "GET /Primeros_pasos_JSP/Registro.html HTTP/1.1" 304 -
0:0:0:0:0:0:0:1 - - [24/Apr/2023:10:03:08 +0100] "POST /Primeros_pasos_JSP/Recoge_datos.jsp HTTP/1.1" 200 163
127.0.0.1 - - [24/Apr/2023:10:05:39 +0100] "GET / HTTP/1.1" 404 687
0:0:0:0:0:0:0:1 - - [24/Apr/2023:10:05:40 +0100] "GET /Primeros_pasos_JSP/Registro.html HTTP/1.1" 304 -
0:0:0:0:0:0:0:1 - - [24/Apr/2023:10:05:48 +0100] "POST /Primeros_pasos_JSP/Recoge_datos.jsp HTTP/1.1" 200 163
0:0:0:0:0:0:0:1 - - [24/Apr/2023:10:07:35 +0100] "GET /Primeros_pasos_JSP/Registro.html HTTP/1.1" 200 1952
0:0:0:0:0:0:0:1 - - [24/Apr/2023:10:07:43 +0100] "POST /Primeros_pasos_JSP/Recoge_datos.jsp HTTP/1.1" 200 163
0:0:0:0:0:0:0:1 - - [24/Apr/2023:10:12:02 +0100] "GET /Primeros_pasos_JSP/Registro.html HTTP/1.1" 304 -
0:0:0:0:0:0:0:1 - - [24/Apr/2023:10:12:08 +0100] "POST /Primeros_pasos_JSP/Recoge_datos.jsp HTTP/1.1" 200 166
0:0:0:0:0:0:0:1 - - [24/Apr/2023:10:12:42 +0100] "GET /Primeros_pasos_JSP/Registro.html HTTP/1.1" 304 -
0:0:0:0:0:0:0:1 - - [24/Apr/2023:10:13:12 +0100] "POST /Primeros_pasos_JSP/Recoge_datos.jsp HTTP/1.1" 200 166
127.0.0.1 - - [24/Apr/2023:10:39:53 +0100] "GET / HTTP/1.1" 404 687
0:0:0:0:0:0:0:1 - - [24/Apr/2023:10:39:54 +0100] "GET /Primeros_pasos_JSP/FormularioLogin.html HTTP/1.1" 200 880
0:0:0:0:0:0:0:1 - - [24/Apr/2023:10:40:06 +0100] "POST /Primeros_pasos_JSP/Comprueba_Usuario.jsp HTTP/1.1" 200 170
0:0:0:0:0:0:0:1 - - [24/Apr/2023:10:42:40 +0100] "GET /Primeros_pasos_JSP/FormularioLogin.html HTTP/1.1" 304 -
0:0:0:0:0:0:0:1 - - [24/Apr/2023:10:42:46 +0100] "POST /Primeros_pasos_JSP/Comprueba_Usuario.jsp HTTP/1.1" 200 170
0:0:0:0:0:0:0:1 - - [24/Apr/2023:10:43:33 +0100] "GET /Primeros_pasos_JSP/FormularioLogin.html HTTP/1.1" 304 -
0:0:0:0:0:0:0:1 - - [24/Apr/2023:10:43:37 +0100] "POST /Primeros_pasos_JSP/Comprueba_Usuario.jsp HTTP/1.1" 200 170
0:0:0:0:0:0:0:1 - - [24/Apr/2023:10:44:29 +0100] "POST /Primeros_pasos_JSP/Comprueba_Usuario.jsp HTTP/1.1" 200 170
0:0:0:0:0:0:0:1 - - [24/Apr/2023:10:46:20 +0100] "GET /Primeros_pasos_JSP/FormularioLogin.html HTTP/1.1" 304 -
0:0:0:0:0:0:0:1 - - [24/Apr/2023:10:46:24 +0100] "POST /Primeros_pasos_JSP/Comprueba_Usuario.jsp HTTP/1.1" 200 170
0:0:0:0:0:0:0:1 - - [24/Apr/2023:10:47:04 +0100] "POST /Primeros_pasos_JSP/Comprueba_Usuario.jsp HTTP/1.1" 200 170
0:0:0:0:0:0:0:1 - - [24/Apr/2023:10:47:23 +0100] "POST /Primeros_pasos_JSP/Comprueba_Usuario.jsp HTTP/1.1" 200 170
0:0:0:0:0:0:0:1 - - [24/Apr/2023:10:49:50 +0100] "GET /Primeros_pasos_JSP/FormularioLogin.html HTTP/1.1" 304 -
0:0:0:0:0:0:0:1 - - [24/Apr/2023:10:49:55 +0100] "POST /Primeros_pasos_JSP/Comprueba_Usuario.jsp HTTP/1.1" 200 170
0:0:0:0:0:0:0:1 - - [24/Apr/2023:10:51:12 +0100] "GET /Primeros_pasos_JSP/Registro.html HTTP/1.1" 304 -
0:0:0:0:0:0:0:1 - - [24/Apr/2023:10:51:31 +0100] "POST /Primeros_pasos_JSP/Recoge_datos.jsp HTTP/1.1" 200 166
0:0:0:0:0:0:0:1 - - [24/Apr/2023:10:51:41 +0100] "GET /Primeros_pasos_JSP/FormularioLogin.html HTTP/1.1" 304 -
0:0:0:0:0:0:0:1 - - [24/Apr/2023:10:51:47 +0100] "POST /Primeros_pasos_JSP/Comprueba_Usuario.jsp HTTP/1.1" 200 170
0:0:0:0:0:0:0:1 - - [24/Apr/2023:10:53:08 +0100] "POST /Primeros_pasos_JSP/Comprueba_Usuario.jsp HTTP/1.1" 200 170
0:0:0:0:0:0:0:1 - - [24/Apr/2023:10:54:03 +0100] "GET /Primeros_pasos_JSP/FormularioLogin.html HTTP/1.1" 304 -
0:0:0:0:0:0:0:1 - - [24/Apr/2023:10:54:06 +0100] "POST /Primeros_pasos_JSP/Comprueba_Usuario.jsp HTTP/1.1" 200 170
0:0:0:0:0:0:0:1 - - [24/Apr/2023:10:58:00 +0100] "GET /Primeros_pasos_JSP/FormularioLogin.html HTTP/1.1" 200 892
0:0:0:0:0:0:0:1 - - [24/Apr/2023:10:58:07 +0100] "POST /Primeros_pasos_JSP/Comprueba_Usuario.jsp HTTP/1.1" 200 170
0:0:0:0:0:0:0:1 - - [24/Apr/2023:11:07:36 +0100] "GET /Primeros_pasos_JSP/FormularioLogin.html HTTP/1.1" 304 -
0:0:0:0:0:0:0:1 - - [24/Apr/2023:11:07:40 +0100] "POST /Primeros_pasos_JSP/Comprueba_Usuario.jsp HTTP/1.1" 200 170
0:0:0:0:0:0:0:1 - - [24/Apr/2023:11:08:09 +0100] "POST /Primeros_pasos_JSP/Comprueba_Usuario.jsp HTTP/1.1" 200 170
0:0:0:0:0:0:0:1 - - [24/Apr/2023:11:08:49 +0100] "GET /Primeros_pasos_JSP/FormularioLogin.html HTTP/1.1" 304 -
0:0:0:0:0:0:0:1 - - [24/Apr/2023:11:08:53 +0100] "POST /Primeros_pasos_JSP/Comprueba_Usuario.jsp HTTP/1.1" 200 170
127.0.0.1 - - [24/Apr/2023:11:11:10 +0100] "GET / HTTP/1.1" 404 687
0:0:0:0:0:0:0:1 - - [24/Apr/2023:11:11:11 +0100] "GET /Primeros_pasos_JSP/FormularioLogin.html HTTP/1.1" 304 -
0:0:0:0:0:0:0:1 - - [24/Apr/2023:11:11:19 +0100] "POST /Primeros_pasos_JSP/Comprueba_Usuario.jsp HTTP/1.1" 200 170
0:0:0:0:0:0:0:1 - - [24/Apr/2023:11:12:05 +0100] "POST /Primeros_pasos_JSP/Comprueba_Usuario.jsp HTTP/1.1" 200 270
0:0:0:0:0:0:0:1 - - [24/Apr/2023:11:17:31 +0100] "GET /Primeros_pasos_JSP/FormularioLogin.html HTTP/1.1" 304 -
0:0:0:0:0:0:0:1 - - [24/Apr/2023:11:17:35 +0100] "POST /Primeros_pasos_JSP/Comprueba_Usuario.jsp HTTP/1.1" 200 150
0:0:0:0:0:0:0:1 - - [24/Apr/2023:11:19:12 +0100] "POST /Primeros_pasos_JSP/Comprueba_Usuario.jsp HTTP/1.1" 200 150
0:0:0:0:0:0:0:1 - - [24/Apr/2023:11:22:44 +0100] "GET /Primeros_pasos_JSP/FormularioLogin.html HTTP/1.1" 304 -
0:0:0:0:0:0:0:1 - - [24/Apr/2023:11:22:49 +0100] "POST /Primeros_pasos_JSP/Comprueba_Usuario.jsp HTTP/1.1" 200 170
0:0:0:0:0:0:0:1 - - [24/Apr/2023:11:23:41 +0100] "POST /Primeros_pasos_JSP/Comprueba_Usuario.jsp HTTP/1.1" 200 182
0:0:0:0:0:0:0:1 - - [24/Apr/2023:11:23:50 +0100] "POST /Primeros_pasos_JSP/Comprueba_Usuario.jsp HTTP/1.1" 200 170
0:0:0:0:0:0:0:1 - - [24/Apr/2023:11:24:02 +0100] "POST /Primeros_pasos_JSP/Comprueba_Usuario.jsp HTTP/1.1" 200 182
0:0:0:0:0:0:0:1 - - [24/Apr/2023:12:31:39 +0100] "GET /Primeros_pasos_JSP/ListaDeCompra.jsp HTTP/1.1" 200 981
0:0:0:0:0:0:0:1 - - [24/Apr/2023:12:31:42 +0100] "GET /Primeros_pasos_JSP/B2_237_ListaDeCompra.jsp?articulos=agua+&articulos=leche&button=Enviar HTTP/1.1" 404 689
0:0:0:0:0:0:0:1 - - [24/Apr/2023:12:32:25 +0100] "GET /Primeros_pasos_JSP/ListaDeCompra.jsp HTTP/1.1" 200 974
0:0:0:0:0:0:0:1 - - [24/Apr/2023:12:32:28 +0100] "GET /Primeros_pasos_JSP/ListaDeCompra.jsp?articulos=agua+&articulos=leche&button=Enviar HTTP/1.1" 200 1006
0:0:0:0:0:0:0:1 - - [24/Apr/2023:12:32:30 +0100] "GET /Primeros_pasos_JSP/ListaDeCompra.jsp?articulos=carne&button=Enviar HTTP/1.1" 200 1022
0:0:0:0:0:0:0:1 - - [24/Apr/2023:12:32:39 +0100] "GET /Primeros_pasos_JSP/ListaDeCompra.jsp?articulos=mazanas&articulos=carne&button=Enviar HTTP/1.1" 200 1056
0:0:0:0:0:0:0:1 - - [24/Apr/2023:12:32:42 +0100] "GET /Primeros_pasos_JSP/ListaDeCompra.jsp?articulos=agua+&button=Enviar HTTP/1.1" 200 1072
0:0:0:0:0:0:0:1 - - [24/Apr/2023:12:32:58 +0100] "GET /Primeros_pasos_JSP/ListaDeCompra.jsp HTTP/1.1" 200 1072
0:0:0:0:0:0:0:1 - - [24/Apr/2023:12:33:06 +0100] "GET /Primeros_pasos_JSP/ListaDeCompra.jsp HTTP/1.1" 200 974
0:0:0:0:0:0:0:1 - - [24/Apr/2023:12:33:29 +0100] "GET /Primeros_pasos_JSP/ListaDeCompra.jsp HTTP/1.1" 200 1072
0:0:0:0:0:0:0:1 - - [24/Apr/2023:12:33:32 +0100] "GET /Primeros_pasos_JSP/ListaDeCompra.jsp?articulos=pan&button=Enviar HTTP/1.1" 200 1086
0:0:0:0:0:0:0:1 - - [24/Apr/2023:12:33:36 +0100] "GET /Primeros_pasos_JSP/ListaDeCompra.jsp?articulos=agua+&button=Enviar HTTP/1.1" 200 990
0:0:0:0:0:0:0:1 - - [24/Apr/2023:12:36:39 +0100] "GET /Primeros_pasos_JSP/FormularioEnvioPreferenciasViaje.jsp HTTP/1.1" 200 455
0:0:0:0:0:0:0:1 - - [24/Apr/2023:12:48:23 +0100] "GET /Primeros_pasos_JSP/FormularioEnvioPreferenciasViaje.jsp HTTP/1.1" 200 452
0:0:0:0:0:0:0:1 - - [24/Apr/2023:12:48:56 +0100] "GET /Primeros_pasos_JSP/recibe_peticion.jsp?ciudad_favorita=Nueva+York HTTP/1.1" 500 3022
0:0:0:0:0:0:0:1 - - [24/Apr/2023:12:52:08 +0100] "GET /Primeros_pasos_JSP/agencia_viajes.jsp HTTP/1.1" 200 635
0:0:0:0:0:0:0:1 - - [24/Apr/2023:12:52:15 +0100] "GET /Primeros_pasos_JSP/recibe_peticion.jsp HTTP/1.1" 200 247
0:0:0:0:0:0:0:1 - - [24/Apr/2023:12:52:26 +0100] "GET /Primeros_pasos_JSP/FormularioEnvioPreferenciasViaje.jsp HTTP/1.1" 200 452
0:0:0:0:0:0:0:1 - - [24/Apr/2023:12:52:29 +0100] "GET /Primeros_pasos_JSP/recibe_peticion.jsp?ciudad_favorita=Par%C3%ADs HTTP/1.1" 200 247
0:0:0:0:0:0:0:1 - - [24/Apr/2023:12:52:35 +0100] "GET /Primeros_pasos_JSP/agencia_viajes.jsp HTTP/1.1" 200 635
0:0:0:0:0:0:0:1 - - [24/Apr/2023:12:54:01 +0100] "GET /Primeros_pasos_JSP/FormularioEnvioPreferenciasViaje.jsp HTTP/1.1" 200 452
0:0:0:0:0:0:0:1 - - [24/Apr/2023:12:54:05 +0100] "GET /Primeros_pasos_JSP/recibe_peticion.jsp?ciudad_favorita=Nueva+York HTTP/1.1" 500 3022
0:0:0:0:0:0:0:1 - - [24/Apr/2023:12:54:11 +0100] "GET /Primeros_pasos_JSP/FormularioEnvioPreferenciasViaje.jsp HTTP/1.1" 200 452
0:0:0:0:0:0:0:1 - - [24/Apr/2023:12:54:14 +0100] "GET /Primeros_pasos_JSP/recibe_peticion.jsp?ciudad_favorita=Par%C3%ADs HTTP/1.1" 200 247
0:0:0:0:0:0:0:1 - - [24/Apr/2023:12:54:16 +0100] "GET /Primeros_pasos_JSP/agencia_viajes.jsp HTTP/1.1" 200 635
0:0:0:0:0:0:0:1 - - [24/Apr/2023:12:54:20 +0100] "GET /Primeros_pasos_JSP/FormularioEnvioPreferenciasViaje.jsp HTTP/1.1" 200 452
0:0:0:0:0:0:0:1 - - [24/Apr/2023:12:54:23 +0100] "GET /Primeros_pasos_JSP/recibe_peticion.jsp?ciudad_favorita=Sidney HTTP/1.1" 200 247
0:0:0:0:0:0:0:1 - - [24/Apr/2023:12:54:24 +0100] "GET /Primeros_pasos_JSP/agencia_viajes.jsp HTTP/1.1" 200 635
0:0:0:0:0:0:0:1 - - [24/Apr/2023:12:55:29 +0100] "GET /Primeros_pasos_JSP/FormularioEnvioPreferenciasViaje.jsp HTTP/1.1" 200 452
0:0:0:0:0:0:0:1 - - [24/Apr/2023:12:55:32 +0100] "GET /Primeros_pasos_JSP/recibe_peticion.jsp?ciudad_favorita=Nueva_York HTTP/1.1" 200 247
0:0:0:0:0:0:0:1 - - [24/Apr/2023:12:55:33 +0100] "GET /Primeros_pasos_JSP/agencia_viajes.jsp HTTP/1.1" 200 647
0:0:0:0:0:0:0:1 - - [24/Apr/2023:14:17:56 +0100] "GET /Primeros_pasos_JSP/FormularioEnvioPreferenciasViaje.jsp HTTP/1.1" 200 452
127.0.0.1 - - [24/Apr/2023:14:18:19 +0100] "GET / HTTP/1.1" 404 687
0:0:0:0:0:0:0:1 - - [24/Apr/2023:14:18:19 +0100] "GET /Primeros_pasos_JSP/WEB-INF/Primer_Ejemplo_JSPTags.jsp HTTP/1.1" 404 610
0:0:0:0:0:0:0:1 - - [24/Apr/2023:14:19:09 +0100] "GET /Primeros_pasos_JSP/Primer_Ejemplo_JSPTags.jsp HTTP/1.1" 200 265
0:0:0:0:0:0:0:1 - - [24/Apr/2023:14:41:25 +0100] "GET /Primeros_pasos_JSP/WEB-INF/RecorreEmpleados.jsp HTTP/1.1" 404 610
0:0:0:0:0:0:0:1 - - [24/Apr/2023:14:41:31 +0100] "GET /Primeros_pasos_JSP/WEB-INF/RecorreEmpleados.jsp HTTP/1.1" 404 610
0:0:0:0:0:0:0:1 - - [24/Apr/2023:14:42:15 +0100] "GET /Primeros_pasos_JSP/WEB-INF/RecorreEmpleados.jsp HTTP/1.1" 404 610
0:0:0:0:0:0:0:1 - - [24/Apr/2023:14:43:34 +0100] "GET /Primeros_pasos_JSP/WEB-INF/RecorreEmpleados.jsp HTTP/1.1" 404 610
0:0:0:0:0:0:0:1 - - [24/Apr/2023:14:44:15 +0100] "GET /Primeros_pasos_JSP/RecorreEmpleados.jsp HTTP/1.1" 200 569
0:0:0:0:0:0:0:1 - - [24/Apr/2023:14:44:33 +0100] "GET /Primeros_pasos_JSP/RecorreEmpleados.jsp HTTP/1.1" 200 614
127.0.0.1 - - [24/Apr/2023:14:45:46 +0100] "GET / HTTP/1.1" 404 687
0:0:0:0:0:0:0:1 - - [24/Apr/2023:14:45:50 +0100] "GET /Primeros_pasos_JSP/RecorreEmpleados.jsp HTTP/1.1" 200 569
0:0:0:0:0:0:0:1 - - [24/Apr/2023:14:46:39 +0100] "GET /Primeros_pasos_JSP/RecorreEmpleados.jsp HTTP/1.1" 200 569
0:0:0:0:0:0:0:1 - - [24/Apr/2023:14:47:44 +0100] "GET /Primeros_pasos_JSP/RecorreEmpleados.jsp HTTP/1.1" 200 555
0:0:0:0:0:0:0:1 - - [24/Apr/2023:14:48:48 +0100] "GET /Primeros_pasos_JSP/RecorreEmpleados.jsp HTTP/1.1" 200 380
0:0:0:0:0:0:0:1 - - [24/Apr/2023:14:50:32 +0100] "GET /Primeros_pasos_JSP/RecorreEmpleados.jsp HTTP/1.1" 200 601
0:0:0:0:0:0:0:1 - - [24/Apr/2023:14:51:47 +0100] "GET /Primeros_pasos_JSP/Primer_Ejemplo_JSPTags.jsp HTTP/1.1" 200 267
0:0:0:0:0:0:0:1 - - [24/Apr/2023:14:53:06 +0100] "GET /Primeros_pasos_JSP/RecorreEmpleados.jsp HTTP/1.1" 200 601
0:0:0:0:0:0:0:1 - - [24/Apr/2023:15:10:40 +0100] "GET /Primeros_pasos_JSP/RecorreEmpleados.jsp HTTP/1.1" 200 821
0:0:0:0:0:0:0:1 - - [24/Apr/2023:15:11:46 +0100] "GET /Primeros_pasos_JSP/RecorreEmpleados.jsp HTTP/1.1" 200 850
0:0:0:0:0:0:0:1 - - [24/Apr/2023:15:12:25 +0100] "GET /Primeros_pasos_JSP/RecorreEmpleados.jsp HTTP/1.1" 200 858
0:0:0:0:0:0:0:1 - - [24/Apr/2023:15:13:13 +0100] "GET /Primeros_pasos_JSP/RecorreEmpleados.jsp HTTP/1.1" 200 568
0:0:0:0:0:0:0:1 - - [24/Apr/2023:15:13:32 +0100] "GET /Primeros_pasos_JSP/RecorreEmpleados.jsp HTTP/1.1" 200 630
0:0:0:0:0:0:0:1 - - [24/Apr/2023:15:14:06 +0100] "GET /Primeros_pasos_JSP/RecorreEmpleados.jsp HTTP/1.1" 200 630
0:0:0:0:0:0:0:1 - - [24/Apr/2023:15:14:47 +0100] "GET /Primeros_pasos_JSP/RecorreEmpleados.jsp HTTP/1.1" 200 627
0:0:0:0:0:0:0:1 - - [24/Apr/2023:15:15:17 +0100] "GET /Primeros_pasos_JSP/RecorreEmpleados.jsp HTTP/1.1" 200 821
0:0:0:0:0:0:0:1 - - [24/Apr/2023:15:16:35 +0100] "GET /Primeros_pasos_JSP/RecorreEmpleados.jsp HTTP/1.1" 200 638
0:0:0:0:0:0:0:1 - - [24/Apr/2023:15:17:06 +0100] "GET /Primeros_pasos_JSP/RecorreEmpleados.jsp HTTP/1.1" 200 651
0:0:0:0:0:0:0:1 - - [24/Apr/2023:15:23:01 +0100] "GET /Primeros_pasos_JSP/RecorreEmpleados.jsp HTTP/1.1" 200 717
0:0:0:0:0:0:0:1 - - [24/Apr/2023:15:23:36 +0100] "GET /Primeros_pasos_JSP/RecorreEmpleados.jsp HTTP/1.1" 200 734
0:0:0:0:0:0:0:1 - - [24/Apr/2023:15:24:20 +0100] "GET /Primeros_pasos_JSP/RecorreEmpleados.jsp HTTP/1.1" 200 770
0:0:0:0:0:0:0:1 - - [24/Apr/2023:17:29:04 +0100] "GET /Primeros_pasos_JSP/RecorreEmpleados2.jsp HTTP/1.1" 200 776
0:0:0:0:0:0:0:1 - - [24/Apr/2023:17:31:17 +0100] "GET /Primeros_pasos_JSP/RecorreEmpleados2.jsp HTTP/1.1" 200 716
0:0:0:0:0:0:0:1 - - [24/Apr/2023:17:33:25 +0100] "GET /Primeros_pasos_JSP/RecorreEmpleados2.jsp HTTP/1.1" 200 1045
0:0:0:0:0:0:0:1 - - [24/Apr/2023:17:38:16 +0100] "GET /Primeros_pasos_JSP/RecorreEmpleados3.jsp HTTP/1.1" 200 1085
0:0:0:0:0:0:0:1 - - [24/Apr/2023:17:40:09 +0100] "GET /Primeros_pasos_JSP/RecorreEmpleados3.jsp HTTP/1.1" 200 1154
0:0:0:0:0:0:0:1 - - [24/Apr/2023:17:41:24 +0100] "GET /Primeros_pasos_JSP/RecorreEmpleados3.jsp HTTP/1.1" 200 1156
0:0:0:0:0:0:0:1 - - [24/Apr/2023:17:49:54 +0100] "GET /Primeros_pasos_JSP/EjemploFunctions.jsp HTTP/1.1" 200 323
0:0:0:0:0:0:0:1 - - [24/Apr/2023:18:01:37 +0100] "GET /PrimerosServlets/PrimerServlet HTTP/1.1" 404 721
0:0:0:0:0:0:0:1 - - [24/Apr/2023:18:03:32 +0100] "GET /PrimerosServlets/PrimerServlet HTTP/1.1" 404 721
0:0:0:0:0:0:0:1 - - [24/Apr/2023:18:03:53 +0100] "GET /PrimerosServlets/PrimerServlet HTTP/1.1" 404 721
127.0.0.1 - - [24/Apr/2023:18:05:18 +0100] "GET / HTTP/1.1" 404 687
0:0:0:0:0:0:0:1 - - [24/Apr/2023:18:05:19 +0100] "GET /PrimerosServlets/PrimerServlet HTTP/1.1" 200 141
0:0:0:0:0:0:0:1 - - [24/Apr/2023:18:16:50 +0100] "GET /PrimerosServlets/Registro%20de%20usuarios.html HTTP/1.1" 200 359
0:0:0:0:0:0:0:1 - - [24/Apr/2023:18:16:57 +0100] "GET /PrimerosServlets/RegistroUsuarios?nombre=Fernando&apellido=Fernandez HTTP/1.1" 404 724
127.0.0.1 - - [24/Apr/2023:18:17:52 +0100] "GET / HTTP/1.1" 404 687
0:0:0:0:0:0:0:1 - - [24/Apr/2023:18:17:52 +0100] "GET /PrimerosServlets/Registro%20de%20usuarios.html HTTP/1.1" 304 -
0:0:0:0:0:0:0:1 - - [24/Apr/2023:18:17:57 +0100] "GET /PrimerosServlets/RegistroUsuarios?nombre=Fernando&apellido=Fernandez HTTP/1.1" 200 101
0:0:0:0:0:0:0:1 - - [24/Apr/2023:18:33:17 +0100] "GET /PrimerosServlets/ControladorServlet HTTP/1.1" 404 726
127.0.0.1 - - [24/Apr/2023:18:33:40 +0100] "GET / HTTP/1.1" 404 687
0:0:0:0:0:0:0:1 - - [24/Apr/2023:18:33:44 +0100] "GET /PrimerosServlets/ControladorServlet HTTP/1.1" 200 256
127.0.0.1 - - [24/Apr/2023:18:52:37 +0100] "GET / HTTP/1.1" 404 687
0:0:0:0:0:0:0:1 - - [24/Apr/2023:18:52:53 +0100] "GET /Web_de_Productos/ServletPruebas HTTP/1.1" 404 722
127.0.0.1 - - [24/Apr/2023:18:53:16 +0100] "GET / HTTP/1.1" 404 687
0:0:0:0:0:0:0:1 - - [24/Apr/2023:18:53:17 +0100] "GET /Web_de_Productos/ServletPruebas HTTP/1.1" 200 -
0:0:0:0:0:0:0:1 - - [24/Apr/2023:18:55:44 +0100] "GET /Web_de_Productos/ServletPruebas HTTP/1.1" 200 -
127.0.0.1 - - [24/Apr/2023:18:56:12 +0100] "GET / HTTP/1.1" 404 687
0:0:0:0:0:0:0:1 - - [24/Apr/2023:18:56:14 +0100] "GET /Web_de_Productos/ServletPruebas HTTP/1.1" 200 -
127.0.0.1 - - [24/Apr/2023:18:57:45 +0100] "GET / HTTP/1.1" 404 687
0:0:0:0:0:0:0:1 - - [24/Apr/2023:18:57:47 +0100] "GET /Web_de_Productos/ServletPruebas HTTP/1.1" 200 -
127.0.0.1 - - [24/Apr/2023:19:00:24 +0100] "GET / HTTP/1.1" 404 687
0:0:0:0:0:0:0:1 - - [24/Apr/2023:19:00:25 +0100] "GET /Web_de_Productos/ServletPruebas HTTP/1.1" 200 -
0:0:0:0:0:0:0:1 - - [24/Apr/2023:19:04:41 +0100] "GET /Web_de_Productos/ServletPruebas HTTP/1.1" 200 -
0:0:0:0:0:0:0:1 - - [24/Apr/2023:19:06:29 +0100] "GET /Web_de_Productos/ServletPruebas HTTP/1.1" 200 -
127.0.0.1 - - [24/Apr/2023:19:07:00 +0100] "GET / HTTP/1.1" 404 687
0:0:0:0:0:0:0:1 - - [24/Apr/2023:19:07:01 +0100] "GET /Web_de_Productos/ServletPruebas HTTP/1.1" 200 -
0:0:0:0:0:0:0:1 - - [24/Apr/2023:19:09:17 +0100] "GET /Web_de_Productos/ServletPruebas HTTP/1.1" 200 -
127.0.0.1 - - [24/Apr/2023:21:21:32 +0100] "GET / HTTP/1.1" 404 687
0:0:0:0:0:0:0:1 - - [24/Apr/2023:21:21:32 +0100] "GET /Web_de_Productos/ServletPruebas HTTP/1.1" 404 722
0:0:0:0:0:0:0:1 - - [24/Apr/2023:21:22:26 +0100] "GET /Web_de_Productos/ServletPruebas HTTP/1.1" 404 722
127.0.0.1 - - [24/Apr/2023:21:26:49 +0100] "GET / HTTP/1.1" 404 687
0:0:0:0:0:0:0:1 - - [24/Apr/2023:21:26:51 +0100] "GET /Web_de_Productos/ServletPruebas HTTP/1.1" 200 -
127.0.0.1 - - [24/Apr/2023:21:48:25 +0100] "GET / HTTP/1.1" 404 687
0:0:0:0:0:0:0:1 - - [24/Apr/2023:21:48:27 +0100] "GET /Web_de_Productos/ServletPruebas HTTP/1.1" 200 596
0:0:0:0:0:0:0:1 - - [24/Apr/2023:22:47:13 +0100] "GET /Web_de_Productos/ControladorProductos HTTP/1.1" 404 728
127.0.0.1 - - [24/Apr/2023:22:47:39 +0100] "GET / HTTP/1.1" 404 687
0:0:0:0:0:0:0:1 - - [24/Apr/2023:22:47:41 +0100] "GET /Web_de_Productos/ControladorProductos HTTP/1.1" 500 2253
127.0.0.1 - - [24/Apr/2023:22:53:57 +0100] "GET / HTTP/1.1" 404 687
0:0:0:0:0:0:0:1 - - [24/Apr/2023:22:53:59 +0100] "GET /Web_de_Productos/ControladorProductos HTTP/1.1" 500 2253
127.0.0.1 - - [24/Apr/2023:23:01:18 +0100] "GET / HTTP/1.1" 404 687
0:0:0:0:0:0:0:1 - - [24/Apr/2023:23:01:19 +0100] "GET /Web_de_Productos/WEB-INF/classes/com/pildorasinformaticas/productos/ModeloProductos.java HTTP/1.1" 404 610
127.0.0.1 - - [24/Apr/2023:23:03:44 +0100] "GET / HTTP/1.1" 404 687
0:0:0:0:0:0:0:1 - - [24/Apr/2023:23:03:44 +0100] "GET /Web_de_Productos/WEB-INF/classes/com/pildorasinformaticas/productos/ModeloProductos.java HTTP/1.1" 404 610
127.0.0.1 - - [24/Apr/2023:23:04:05 +0100] "GET / HTTP/1.1" 404 687
0:0:0:0:0:0:0:1 - - [24/Apr/2023:23:04:08 +0100] "GET /Web_de_Productos/ListaProductos.jsp HTTP/1.1" 200 144
127.0.0.1 - - [24/Apr/2023:23:05:35 +0100] "GET / HTTP/1.1" 404 687
0:0:0:0:0:0:0:1 - - [24/Apr/2023:23:05:35 +0100] "GET /Web_de_Productos/ControladorProductos HTTP/1.1" 200 -
127.0.0.1 - - [24/Apr/2023:23:06:36 +0100] "GET / HTTP/1.1" 404 687
0:0:0:0:0:0:0:1 - - [24/Apr/2023:23:06:38 +0100] "GET /Web_de_Productos/ControladorProductos HTTP/1.1" 200 1060
127.0.0.1 - - [24/Apr/2023:23:08:05 +0100] "GET / HTTP/1.1" 404 687
0:0:0:0:0:0:0:1 - - [24/Apr/2023:23:08:07 +0100] "GET /Web_de_Productos/ControladorProductos HTTP/1.1" 200 1060
127.0.0.1 - - [24/Apr/2023:23:12:16 +0100] "GET / HTTP/1.1" 404 687
0:0:0:0:0:0:0:1 - - [24/Apr/2023:23:12:18 +0100] "GET /Web_de_Productos/ControladorProductos HTTP/1.1" 200 2663
127.0.0.1 - - [24/Apr/2023:23:14:17 +0100] "GET / HTTP/1.1" 404 687
0:0:0:0:0:0:0:1 - - [24/Apr/2023:23:14:20 +0100] "GET /Web_de_Productos/ControladorProductos HTTP/1.1" 200 3241
127.0.0.1 - - [24/Apr/2023:23:16:04 +0100] "GET / HTTP/1.1" 404 687
127.0.0.1 - - [24/Apr/2023:23:16:36 +0100] "GET / HTTP/1.1" 404 687
0:0:0:0:0:0:0:1 - - [24/Apr/2023:23:16:38 +0100] "GET /Web_de_Productos/ControladorProductos HTTP/1.1" 200 5316
127.0.0.1 - - [24/Apr/2023:23:17:27 +0100] "GET / HTTP/1.1" 404 687
0:0:0:0:0:0:0:1 - - [24/Apr/2023:23:17:29 +0100] "GET /Web_de_Productos/ControladorProductos HTTP/1.1" 200 5316
127.0.0.1 - - [24/Apr/2023:23:18:07 +0100] "GET / HTTP/1.1" 404 687
0:0:0:0:0:0:0:1 - - [24/Apr/2023:23:18:09 +0100] "GET /Web_de_Productos/ControladorProductos HTTP/1.1" 200 5316
127.0.0.1 - - [24/Apr/2023:23:18:37 +0100] "GET / HTTP/1.1" 404 687
0:0:0:0:0:0:0:1 - - [24/Apr/2023:23:18:39 +0100] "GET /Web_de_Productos/ControladorProductos HTTP/1.1" 200 5316
127.0.0.1 - - [24/Apr/2023:23:37:11 +0100] "GET / HTTP/1.1" 404 687
0:0:0:0:0:0:0:1 - - [24/Apr/2023:23:37:16 +0100] "GET /Web_de_Productos/ControladorProductos HTTP/1.1" 200 7740
127.0.0.1 - - [24/Apr/2023:23:40:38 +0100] "GET / HTTP/1.1" 404 687
0:0:0:0:0:0:0:1 - - [24/Apr/2023:23:40:43 +0100] "GET /Web_de_Productos/ControladorProductos HTTP/1.1" 200 7939
127.0.0.1 - - [24/Apr/2023:23:47:49 +0100] "GET / HTTP/1.1" 404 687
0:0:0:0:0:0:0:1 - - [24/Apr/2023:23:47:53 +0100] "GET /Web_de_Productos/ControladorProductos HTTP/1.1" 200 8136
0:0:0:0:0:0:0:1 - - [24/Apr/2023:23:48:24 +0100] "GET /Web_de_Productos/ListaProductos.jsp HTTP/1.1" 200 560
0:0:0:0:0:0:0:1 - - [24/Apr/2023:23:48:30 +0100] "GET /Web_de_Productos/ControladorProductos HTTP/1.1" 200 7936
0:0:0:0:0:0:0:1 - - [24/Apr/2023:23:51:25 +0100] "GET /Web_de_Productos/ControladorProductos HTTP/1.1" 200 12008
0:0:0:0:0:0:0:1 - - [24/Apr/2023:23:55:28 +0100] "GET /Web_de_Productos/ControladorProductos HTTP/1.1" 200 12181
0:0:0:0:0:0:0:1 - - [24/Apr/2023:23:56:07 +0100] "GET /Web_de_Productos/ControladorProductos HTTP/1.1" 200 12180
0:0:0:0:0:0:0:1 - - [24/Apr/2023:23:56:24 +0100] "GET /Web_de_Productos/ControladorProductos HTTP/1.1" 200 12180
0:0:0:0:0:0:0:1 - - [24/Apr/2023:23:58:07 +0100] "GET /Web_de_Productos/ControladorProductos HTTP/1.1" 200 12234
0:0:0:0:0:0:0:1 - - [24/Apr/2023:23:58:09 +0100] "GET /Web_de_Productos/inserta_producto.jsp HTTP/1.1" 200 153
